vagrant@mysql-test:~$ sudo mysql
Welcome to the MySQL monitor.  Commands end with ; or \g.
Your MySQL connection id is 8
Server version: 8.0.41-0ubuntu0.22.04.1 (Ubuntu)

Copyright (c) 2000, 2025, Oracle and/or its affiliates.

Oracle is a registered trademark of Oracle Corporation and/or its
affiliates. Other names may be trademarks of their respective
owners.

Type 'help;' or '\h' for help. Type '\c' to clear the current input statement.

mysql> CREATE USER 'sys_temp'@'localhost' IDENTIFIED BY 'pass1234';
Query OK, 0 rows affected (0.02 sec)

mysql> SELECT use, host FROM mysql.user;
ERROR 1064 (42000): You have an error in your SQL syntax; check the manual that corresponds to your MySQL server version for the right syntax to use near 'use, host FROM mysql.user' at line 1
mysql> SELECT user, host FROM mysql.user;
+------------------+-----------+
| user             | host      |
+------------------+-----------+
| debian-sys-maint | localhost |
| mysql.infoschema | localhost |
| mysql.session    | localhost |
| mysql.sys        | localhost |
| root             | localhost |
| sys_temp         | localhost |
+------------------+-----------+
6 rows in set (0.01 sec)

mysql> GRANT ALL PRIVILEGES ON *.* TO 'sys_temp'@'localhost' WITH GRANT OPTION;
Query OK, 0 rows affected (0.01 sec)

mysql> SHOW GRANTS FOR 'sys_temp'@'localhost';
+---------------------------------------------------------------------------------------------------------------------------------------------------------------------------------------
----------------------------------------------------------------------------------------------------------------------------------------------------------------------------------------
----------------------------------------------------------------------------------------------------------------------------------------------------------------------------------------
----------------------------------------------------------------------------------------------------------------------------------------------------------------------------------------
-----------------------------------+
| Grants for sys_temp@localhost                                                                                                                                                         
                                                                                                                                                                                        
                                                                                                                                                                                        
                                                                                                                                                                                        
                                   |
+---------------------------------------------------------------------------------------------------------------------------------------------------------------------------------------
----------------------------------------------------------------------------------------------------------------------------------------------------------------------------------------
----------------------------------------------------------------------------------------------------------------------------------------------------------------------------------------
----------------------------------------------------------------------------------------------------------------------------------------------------------------------------------------
-----------------------------------+
| GRANT SELECT, INSERT, UPDATE, DELETE, CREATE, DROP, RELOAD, SHUTDOWN, PROCESS, FILE, REFERENCES, INDEX, ALTER, SHOW DATABASES, SUPER, CREATE TEMPORARY TABLES, LOCK TABLES, EXECUTE, R
EPLICATION SLAVE, REPLICATION CLIENT, CREATE VIEW, SHOW VIEW, CREATE ROUTINE, ALTER ROUTINE, CREATE USER, EVENT, TRIGGER, CREATE TABLESPACE, CREATE ROLE, DROP ROLE ON *.* TO `sys_temp`
@`localhost` WITH GRANT OPTION                                                                                                                                                          
                                                                                                                                                                                        
                                   |
| GRANT APPLICATION_PASSWORD_ADMIN,AUDIT_ABORT_EXEMPT,AUDIT_ADMIN,AUTHENTICATION_POLICY_ADMIN,BACKUP_ADMIN,BINLOG_ADMIN,BINLOG_ENCRYPTION_ADMIN,CLONE_ADMIN,CONNECTION_ADMIN,ENCRYPTION_
KEY_ADMIN,FIREWALL_EXEMPT,FLUSH_OPTIMIZER_COSTS,FLUSH_STATUS,FLUSH_TABLES,FLUSH_USER_RESOURCES,GROUP_REPLICATION_ADMIN,GROUP_REPLICATION_STREAM,INNODB_REDO_LOG_ARCHIVE,INNODB_REDO_LOG_
ENABLE,PASSWORDLESS_USER_ADMIN,PERSIST_RO_VARIABLES_ADMIN,REPLICATION_APPLIER,REPLICATION_SLAVE_ADMIN,RESOURCE_GROUP_ADMIN,RESOURCE_GROUP_USER,ROLE_ADMIN,SENSITIVE_VARIABLES_OBSERVER,S
ERVICE_CONNECTION_ADMIN,SESSION_VARIABLES_ADMIN,SET_USER_ID,SHOW_ROUTINE,SYSTEM_USER,SYSTEM_VARIABLES_ADMIN,TABLE_ENCRYPTION_ADMIN,TELEMETRY_LOG_ADMIN,XA_RECOVER_ADMIN ON *.* TO `sys_t
emp`@`localhost` WITH GRANT OPTION |
+---------------------------------------------------------------------------------------------------------------------------------------------------------------------------------------
----------------------------------------------------------------------------------------------------------------------------------------------------------------------------------------
----------------------------------------------------------------------------------------------------------------------------------------------------------------------------------------
----------------------------------------------------------------------------------------------------------------------------------------------------------------------------------------
-----------------------------------+
2 rows in set (0.00 sec)

mysql> SHOW GRANTS FOR 'sys_temp'@'localhost';
+---------------------------------------------------------------------------------------------------------------------------------------------------------------------------------------
----------------------------------------------------------------------------------------------------------------------------------------------------------------------------------------
----------------------------------------------------------------------------------------------------------------------------------------------------------------------------------------
----------------------------------------------------------------------------------------------------------------------------------------------------------------------------------------
-----------------------------------+
| Grants for sys_temp@localhost                                                                                                                                                         
                                                                                                                                                                                        
                                                                                                                                                                                        
                                                                                                                                                                                        
                                   |
+---------------------------------------------------------------------------------------------------------------------------------------------------------------------------------------
----------------------------------------------------------------------------------------------------------------------------------------------------------------------------------------
----------------------------------------------------------------------------------------------------------------------------------------------------------------------------------------
----------------------------------------------------------------------------------------------------------------------------------------------------------------------------------------
-----------------------------------+
| GRANT SELECT, INSERT, UPDATE, DELETE, CREATE, DROP, RELOAD, SHUTDOWN, PROCESS, FILE, REFERENCES, INDEX, ALTER, SHOW DATABASES, SUPER, CREATE TEMPORARY TABLES, LOCK TABLES, EXECUTE, R
EPLICATION SLAVE, REPLICATION CLIENT, CREATE VIEW, SHOW VIEW, CREATE ROUTINE, ALTER ROUTINE, CREATE USER, EVENT, TRIGGER, CREATE TABLESPACE, CREATE ROLE, DROP ROLE ON *.* TO `sys_temp`
@`localhost` WITH GRANT OPTION                                                                                                                                                          
                                                                                                                                                                                        
                                   |
| GRANT APPLICATION_PASSWORD_ADMIN,AUDIT_ABORT_EXEMPT,AUDIT_ADMIN,AUTHENTICATION_POLICY_ADMIN,BACKUP_ADMIN,BINLOG_ADMIN,BINLOG_ENCRYPTION_ADMIN,CLONE_ADMIN,CONNECTION_ADMIN,ENCRYPTION_
KEY_ADMIN,FIREWALL_EXEMPT,FLUSH_OPTIMIZER_COSTS,FLUSH_STATUS,FLUSH_TABLES,FLUSH_USER_RESOURCES,GROUP_REPLICATION_ADMIN,GROUP_REPLICATION_STREAM,INNODB_REDO_LOG_ARCHIVE,INNODB_REDO_LOG_
ENABLE,PASSWORDLESS_USER_ADMIN,PERSIST_RO_VARIABLES_ADMIN,REPLICATION_APPLIER,REPLICATION_SLAVE_ADMIN,RESOURCE_GROUP_ADMIN,RESOURCE_GROUP_USER,ROLE_ADMIN,SENSITIVE_VARIABLES_OBSERVER,S
ERVICE_CONNECTION_ADMIN,SESSION_VARIABLES_ADMIN,SET_USER_ID,SHOW_ROUTINE,SYSTEM_USER,SYSTEM_VARIABLES_ADMIN,TABLE_ENCRYPTION_ADMIN,TELEMETRY_LOG_ADMIN,XA_RECOVER_ADMIN ON *.* TO `sys_t
emp`@`localhost` WITH GRANT OPTION |
+---------------------------------------------------------------------------------------------------------------------------------------------------------------------------------------
----------------------------------------------------------------------------------------------------------------------------------------------------------------------------------------
----------------------------------------------------------------------------------------------------------------------------------------------------------------------------------------
----------------------------------------------------------------------------------------------------------------------------------------------------------------------------------------
-----------------------------------+
2 rows in set (0.00 sec)

mysql> clear
mysql> ALTER USER 'sys_temp'@'localhost' IDENTIFIED WITH mysql_native_password BY 'pass1234';
Query OK, 0 rows affected (0.00 sec)

mysql> mysql -u sys_temp -p
    -> ^DBye
vagrant@mysql-test:~$ mkdir mysql
vagrant@mysql-test:~$ cd mysql/
vagrant@mysql-test:~/mysql$ wget https://downloads.mysql.com/docs/sakila-db.zip
--2025-04-30 11:24:10--  https://downloads.mysql.com/docs/sakila-db.zip
Resolving downloads.mysql.com (downloads.mysql.com)... 23.50.180.206, 2001:41a8:806:29c::2e31, 2001:41a8:806:294::2e31
Connecting to downloads.mysql.com (downloads.mysql.com)|23.50.180.206|:443... connected.
HTTP request sent, awaiting response... 200 OK
Length: 729655 (713K) [application/octet-stream]
Saving to: ‘sakila-db.zip’

sakila-db.zip                                 100%[=================================================================================================>] 712.55K   986KB/s    in 0.7s    

2025-04-30 11:24:12 (986 KB/s) - ‘sakila-db.zip’ saved [729655/729655]

vagrant@mysql-test:~/mysql$ unzip sakila-db.zip
Archive:  sakila-db.zip
   creating: sakila-db/
  inflating: sakila-db/sakila-data.sql  
  inflating: sakila-db/sakila-schema.sql  
  inflating: sakila-db/sakila.mwb    
vagrant@mysql-test:~/mysql$ mysql -u root -p < sakila-schema.sql
-bash: sakila-schema.sql: No such file or directory
vagrant@mysql-test:~/mysql$ ls
sakila-db  sakila-db.zip
vagrant@mysql-test:~/mysql$ cd sakila-db/
vagrant@mysql-test:~/mysql/sakila-db$ ls
sakila-data.sql  sakila-schema.sql  sakila.mwb
vagrant@mysql-test:~/mysql/sakila-db$ mysql -u root -p < sakila-schema.sql
Enter password: 
ERROR 1698 (28000): Access denied for user 'root'@'localhost'
vagrant@mysql-test:~/mysql/sakila-db$ mysql -u sys_temp -p < sakila-schema.sql
Enter password: 
vagrant@mysql-test:~/mysql/sakila-db$ mysql -u sys_temp -p < sakila-data.sql
Enter password: 
vagrant@mysql-test:~/mysql/sakila-db$ mysql -u sys_temp -p
Enter password: 
Welcome to the MySQL monitor.  Commands end with ; or \g.
Your MySQL connection id is 12
Server version: 8.0.41-0ubuntu0.22.04.1 (Ubuntu)

Copyright (c) 2000, 2025, Oracle and/or its affiliates.

Oracle is a registered trademark of Oracle Corporation and/or its
affiliates. Other names may be trademarks of their respective
owners.

Type 'help;' or '\h' for help. Type '\c' to clear the current input statement.

mysql> USE sakila;
Reading table information for completion of table and column names
You can turn off this feature to get a quicker startup with -A

Database changed
mysql> SHOW TABLES;
+----------------------------+
| Tables_in_sakila           |
+----------------------------+
| actor                      |
| actor_info                 |
| address                    |
| category                   |
| city                       |
| country                    |
| customer                   |
| customer_list              |
| film                       |
| film_actor                 |
| film_category              |
| film_list                  |
| film_text                  |
| inventory                  |
| language                   |
| nicer_but_slower_film_list |
| payment                    |
| rental                     |
| sales_by_film_category     |
| sales_by_store             |
| staff                      |
| staff_list                 |
| store                      |
+----------------------------+
23 rows in set (0.00 sec)

mysql> 

