vagrant@mysql-test:~/mysql/sakila-db$ SELECT email, CONCAT(UPPER9LEFT(SUBSTRING_INDEX(email, '@', 1)), LOWER(SUBSTRING_INDEX(email, '@' 1), 2)) ) AS email_user, CONCAT(UPPER(LEFT(SUBSTRING_INDEX(email, '@', -1), 1)), LOWER(SUBSTRING(SUBSTRING_INDEX(email, '@', -1), 2)) ) AS email_domain FROM customer;
-bash: syntax error near unexpected token `('
vagrant@mysql-test:~/mysql/sakila-db$ SELECT email, CONCAT(UPPER(LEFT(SUBSTRING_INDEX(email, '@', 1)), LOWER(SUBSTRING_INDEX(email, '@' 1), 2)) ) AS email_user, CONCAT(UPPER(LEFT(SUBSTRING_INDEX(email, '@', -1), 1)), LOWER(SUBSTRING(SUBSTRING_INDEX(email, '@', -1), 2)) ) AS email_domain FROM customer;
-bash: syntax error near unexpected token `('
vagrant@mysql-test:~/mysql/sakila-db$ sudo mysql
Welcome to the MySQL monitor.  Commands end with ; or \g.
Your MySQL connection id is 28
Server version: 8.0.41-0ubuntu0.22.04.1 (Ubuntu)

Copyright (c) 2000, 2025, Oracle and/or its affiliates.

Oracle is a registered trademark of Oracle Corporation and/or its
affiliates. Other names may be trademarks of their respective
owners.

Type 'help;' or '\h' for help. Type '\c' to clear the current input statement.

mysql> USE sakila;
Reading table information for completion of table and column names
You can turn off this feature to get a quicker startup with -A

Database changed
mysql> SELECT email, CONCAT(UPPER(LEFT(SUBSTRING_INDEX(email, '@', 1)), LOWER(SUBSTRING_INDEX(email, '@' 1), 2)) ) AS email_user, CONCAT(UPPER(LEFT(SUBSTRING_INDEX(email, '@', -1), 1)), LOWER(SUBSTRING(SUBSTRING_INDEX(email, '@', -1), 2)) ) AS email_domain FROM customer;
ERROR 1064 (42000): You have an error in your SQL syntax; check the manual that corresponds to your MySQL server version for the right syntax to use near '), LOWER(SUBSTRING_INDEX(email, '@' 1), 2)) ) AS email_user, CONCAT(UPPER(LEFT(S' at line 1
mysql> SELECT email, CONCAT(UPPER(LEFT(SUBSTRING_INDEX(email, '@', 1)), LOWER(SUBSTRING_INDEX(email, '@', 1), 2)) ) AS email_user, CONCAT(UPPER(LEFT(SUBSTRING_INDEX(email, '@', -1), 1)), LOWER(SUBSTRING(SUBSTRING_INDEX(email, '@', -1), 2)) ) AS email_domain FROM customer;
ERROR 1064 (42000): You have an error in your SQL syntax; check the manual that corresponds to your MySQL server version for the right syntax to use near '), LOWER(SUBSTRING_INDEX(email, '@', 1), 2)) ) AS email_user, CONCAT(UPPER(LEFT(' at line 1
mysql> SELECT email, CONCAT(UPPER(LEFT(SUBSTRING_INDEX(email, '@', 1)), LOWER(SUBSTRING_INDEX(email, '@', 1), 2))) AS email_user, CONCAT(UPPER(LEFT(SUBSTRING_INDEX(email, '@', -1), 1)), LOWER(SUBSTRING(SUBSTRING_INDEX(email, '@', -1), 2))) AS email_domain FROM customer;
ERROR 1064 (42000): You have an error in your SQL syntax; check the manual that corresponds to your MySQL server version for the right syntax to use near '), LOWER(SUBSTRING_INDEX(email, '@', 1), 2))) AS email_user, CONCAT(UPPER(LEFT(S' at line 1
mysql> SELECT email, CONCAT(UPPER(LEFT(SUBSTRING_INDEX(email, '@', 1)), LOWER(SUBSTRING_INDEX(email, '@', 1), 2))) AS email_user, CONCAT(UPPER(LEFT(SUBSTRING_INDEX(email, '@', -1), 1)), LOWER(SUBSTRING(SUBSTRING_INDEX(email, '@', -1), 2)) AS email_domain FROM customer;
ERROR 1064 (42000): You have an error in your SQL syntax; check the manual that corresponds to your MySQL server version for the right syntax to use near '), LOWER(SUBSTRING_INDEX(email, '@', 1), 2))) AS email_user, CONCAT(UPPER(LEFT(S' at line 1
mysql> SELECT email, CONCAT( UPPER(LEFT(SUBSTRING_INDEX(email, '@', 1), 1)), LOWER(SUBSTRING(SUBSTRING_INDEX(email, '@', 1), 2)) ) AS email_user, CONCAT( UPPER(LEFT(SUBSTRING_INDEX(email, '@', -1), 1)), LOWER(SUBSTRING(SUBSTRING_INDEX(email, '@', -1), 2)) ) AS email_domain FROM customer;
+------------------------------------------+-----------------------+--------------------+
| email                                    | email_user            | email_domain       |
+------------------------------------------+-----------------------+--------------------+
| MARY.SMITH@sakilacustomer.org            | Mary.smith            | Sakilacustomer.org |
| PATRICIA.JOHNSON@sakilacustomer.org      | Patricia.johnson      | Sakilacustomer.org |
| LINDA.WILLIAMS@sakilacustomer.org        | Linda.williams        | Sakilacustomer.org |
| BARBARA.JONES@sakilacustomer.org         | Barbara.jones         | Sakilacustomer.org |
| ELIZABETH.BROWN@sakilacustomer.org       | Elizabeth.brown       | Sakilacustomer.org |
| JENNIFER.DAVIS@sakilacustomer.org        | Jennifer.davis        | Sakilacustomer.org |
| MARIA.MILLER@sakilacustomer.org          | Maria.miller          | Sakilacustomer.org |
| SUSAN.WILSON@sakilacustomer.org          | Susan.wilson          | Sakilacustomer.org |
| MARGARET.MOORE@sakilacustomer.org        | Margaret.moore        | Sakilacustomer.org |
| DOROTHY.TAYLOR@sakilacustomer.org        | Dorothy.taylor        | Sakilacustomer.org |
| LISA.ANDERSON@sakilacustomer.org         | Lisa.anderson         | Sakilacustomer.org |
| NANCY.THOMAS@sakilacustomer.org          | Nancy.thomas          | Sakilacustomer.org |
| KAREN.JACKSON@sakilacustomer.org         | Karen.jackson         | Sakilacustomer.org |
| BETTY.WHITE@sakilacustomer.org           | Betty.white           | Sakilacustomer.org |
| HELEN.HARRIS@sakilacustomer.org          | Helen.harris          | Sakilacustomer.org |
| SANDRA.MARTIN@sakilacustomer.org         | Sandra.martin         | Sakilacustomer.org |
| DONNA.THOMPSON@sakilacustomer.org        | Donna.thompson        | Sakilacustomer.org |
| CAROL.GARCIA@sakilacustomer.org          | Carol.garcia          | Sakilacustomer.org |
| RUTH.MARTINEZ@sakilacustomer.org         | Ruth.martinez         | Sakilacustomer.org |
| SHARON.ROBINSON@sakilacustomer.org       | Sharon.robinson       | Sakilacustomer.org |
| MICHELLE.CLARK@sakilacustomer.org        | Michelle.clark        | Sakilacustomer.org |
| LAURA.RODRIGUEZ@sakilacustomer.org       | Laura.rodriguez       | Sakilacustomer.org |
| SARAH.LEWIS@sakilacustomer.org           | Sarah.lewis           | Sakilacustomer.org |
| KIMBERLY.LEE@sakilacustomer.org          | Kimberly.lee          | Sakilacustomer.org |
| DEBORAH.WALKER@sakilacustomer.org        | Deborah.walker        | Sakilacustomer.org |
| JESSICA.HALL@sakilacustomer.org          | Jessica.hall          | Sakilacustomer.org |
| SHIRLEY.ALLEN@sakilacustomer.org         | Shirley.allen         | Sakilacustomer.org |
| CYNTHIA.YOUNG@sakilacustomer.org         | Cynthia.young         | Sakilacustomer.org |
| ANGELA.HERNANDEZ@sakilacustomer.org      | Angela.hernandez      | Sakilacustomer.org |
| MELISSA.KING@sakilacustomer.org          | Melissa.king          | Sakilacustomer.org |
| BRENDA.WRIGHT@sakilacustomer.org         | Brenda.wright         | Sakilacustomer.org |
| AMY.LOPEZ@sakilacustomer.org             | Amy.lopez             | Sakilacustomer.org |
| ANNA.HILL@sakilacustomer.org             | Anna.hill             | Sakilacustomer.org |
| REBECCA.SCOTT@sakilacustomer.org         | Rebecca.scott         | Sakilacustomer.org |
| VIRGINIA.GREEN@sakilacustomer.org        | Virginia.green        | Sakilacustomer.org |
| KATHLEEN.ADAMS@sakilacustomer.org        | Kathleen.adams        | Sakilacustomer.org |
| PAMELA.BAKER@sakilacustomer.org          | Pamela.baker          | Sakilacustomer.org |
| MARTHA.GONZALEZ@sakilacustomer.org       | Martha.gonzalez       | Sakilacustomer.org |
| DEBRA.NELSON@sakilacustomer.org          | Debra.nelson          | Sakilacustomer.org |
| AMANDA.CARTER@sakilacustomer.org         | Amanda.carter         | Sakilacustomer.org |
| STEPHANIE.MITCHELL@sakilacustomer.org    | Stephanie.mitchell    | Sakilacustomer.org |
| CAROLYN.PEREZ@sakilacustomer.org         | Carolyn.perez         | Sakilacustomer.org |
| CHRISTINE.ROBERTS@sakilacustomer.org     | Christine.roberts     | Sakilacustomer.org |
| MARIE.TURNER@sakilacustomer.org          | Marie.turner          | Sakilacustomer.org |
| JANET.PHILLIPS@sakilacustomer.org        | Janet.phillips        | Sakilacustomer.org |
| CATHERINE.CAMPBELL@sakilacustomer.org    | Catherine.campbell    | Sakilacustomer.org |
| FRANCES.PARKER@sakilacustomer.org        | Frances.parker        | Sakilacustomer.org |
| ANN.EVANS@sakilacustomer.org             | Ann.evans             | Sakilacustomer.org |
| JOYCE.EDWARDS@sakilacustomer.org         | Joyce.edwards         | Sakilacustomer.org |
| DIANE.COLLINS@sakilacustomer.org         | Diane.collins         | Sakilacustomer.org |
| ALICE.STEWART@sakilacustomer.org         | Alice.stewart         | Sakilacustomer.org |
| JULIE.SANCHEZ@sakilacustomer.org         | Julie.sanchez         | Sakilacustomer.org |
| HEATHER.MORRIS@sakilacustomer.org        | Heather.morris        | Sakilacustomer.org |
| TERESA.ROGERS@sakilacustomer.org         | Teresa.rogers         | Sakilacustomer.org |
| DORIS.REED@sakilacustomer.org            | Doris.reed            | Sakilacustomer.org |
| GLORIA.COOK@sakilacustomer.org           | Gloria.cook           | Sakilacustomer.org |
| EVELYN.MORGAN@sakilacustomer.org         | Evelyn.morgan         | Sakilacustomer.org |
| JEAN.BELL@sakilacustomer.org             | Jean.bell             | Sakilacustomer.org |
| CHERYL.MURPHY@sakilacustomer.org         | Cheryl.murphy         | Sakilacustomer.org |
| MILDRED.BAILEY@sakilacustomer.org        | Mildred.bailey        | Sakilacustomer.org |
| KATHERINE.RIVERA@sakilacustomer.org      | Katherine.rivera      | Sakilacustomer.org |
| JOAN.COOPER@sakilacustomer.org           | Joan.cooper           | Sakilacustomer.org |
| ASHLEY.RICHARDSON@sakilacustomer.org     | Ashley.richardson     | Sakilacustomer.org |
| JUDITH.COX@sakilacustomer.org            | Judith.cox            | Sakilacustomer.org |
| ROSE.HOWARD@sakilacustomer.org           | Rose.howard           | Sakilacustomer.org |
| JANICE.WARD@sakilacustomer.org           | Janice.ward           | Sakilacustomer.org |
| KELLY.TORRES@sakilacustomer.org          | Kelly.torres          | Sakilacustomer.org |
| NICOLE.PETERSON@sakilacustomer.org       | Nicole.peterson       | Sakilacustomer.org |
| JUDY.GRAY@sakilacustomer.org             | Judy.gray             | Sakilacustomer.org |
| CHRISTINA.RAMIREZ@sakilacustomer.org     | Christina.ramirez     | Sakilacustomer.org |
| KATHY.JAMES@sakilacustomer.org           | Kathy.james           | Sakilacustomer.org |
| THERESA.WATSON@sakilacustomer.org        | Theresa.watson        | Sakilacustomer.org |
| BEVERLY.BROOKS@sakilacustomer.org        | Beverly.brooks        | Sakilacustomer.org |
| DENISE.KELLY@sakilacustomer.org          | Denise.kelly          | Sakilacustomer.org |
| TAMMY.SANDERS@sakilacustomer.org         | Tammy.sanders         | Sakilacustomer.org |
| IRENE.PRICE@sakilacustomer.org           | Irene.price           | Sakilacustomer.org |
| JANE.BENNETT@sakilacustomer.org          | Jane.bennett          | Sakilacustomer.org |
| LORI.WOOD@sakilacustomer.org             | Lori.wood             | Sakilacustomer.org |
| RACHEL.BARNES@sakilacustomer.org         | Rachel.barnes         | Sakilacustomer.org |
| MARILYN.ROSS@sakilacustomer.org          | Marilyn.ross          | Sakilacustomer.org |
| ANDREA.HENDERSON@sakilacustomer.org      | Andrea.henderson      | Sakilacustomer.org |
| KATHRYN.COLEMAN@sakilacustomer.org       | Kathryn.coleman       | Sakilacustomer.org |
| LOUISE.JENKINS@sakilacustomer.org        | Louise.jenkins        | Sakilacustomer.org |
| SARA.PERRY@sakilacustomer.org            | Sara.perry            | Sakilacustomer.org |
| ANNE.POWELL@sakilacustomer.org           | Anne.powell           | Sakilacustomer.org |
| JACQUELINE.LONG@sakilacustomer.org       | Jacqueline.long       | Sakilacustomer.org |
| WANDA.PATTERSON@sakilacustomer.org       | Wanda.patterson       | Sakilacustomer.org |
| BONNIE.HUGHES@sakilacustomer.org         | Bonnie.hughes         | Sakilacustomer.org |
| JULIA.FLORES@sakilacustomer.org          | Julia.flores          | Sakilacustomer.org |
| RUBY.WASHINGTON@sakilacustomer.org       | Ruby.washington       | Sakilacustomer.org |
| LOIS.BUTLER@sakilacustomer.org           | Lois.butler           | Sakilacustomer.org |
| TINA.SIMMONS@sakilacustomer.org          | Tina.simmons          | Sakilacustomer.org |
| PHYLLIS.FOSTER@sakilacustomer.org        | Phyllis.foster        | Sakilacustomer.org |
| NORMA.GONZALES@sakilacustomer.org        | Norma.gonzales        | Sakilacustomer.org |
| PAULA.BRYANT@sakilacustomer.org          | Paula.bryant          | Sakilacustomer.org |
| DIANA.ALEXANDER@sakilacustomer.org       | Diana.alexander       | Sakilacustomer.org |
| ANNIE.RUSSELL@sakilacustomer.org         | Annie.russell         | Sakilacustomer.org |
| LILLIAN.GRIFFIN@sakilacustomer.org       | Lillian.griffin       | Sakilacustomer.org |
| EMILY.DIAZ@sakilacustomer.org            | Emily.diaz            | Sakilacustomer.org |
| ROBIN.HAYES@sakilacustomer.org           | Robin.hayes           | Sakilacustomer.org |
| PEGGY.MYERS@sakilacustomer.org           | Peggy.myers           | Sakilacustomer.org |
| CRYSTAL.FORD@sakilacustomer.org          | Crystal.ford          | Sakilacustomer.org |
| GLADYS.HAMILTON@sakilacustomer.org       | Gladys.hamilton       | Sakilacustomer.org |
| RITA.GRAHAM@sakilacustomer.org           | Rita.graham           | Sakilacustomer.org |
| DAWN.SULLIVAN@sakilacustomer.org         | Dawn.sullivan         | Sakilacustomer.org |
| CONNIE.WALLACE@sakilacustomer.org        | Connie.wallace        | Sakilacustomer.org |
| FLORENCE.WOODS@sakilacustomer.org        | Florence.woods        | Sakilacustomer.org |
| TRACY.COLE@sakilacustomer.org            | Tracy.cole            | Sakilacustomer.org |
| EDNA.WEST@sakilacustomer.org             | Edna.west             | Sakilacustomer.org |
| TIFFANY.JORDAN@sakilacustomer.org        | Tiffany.jordan        | Sakilacustomer.org |
| CARMEN.OWENS@sakilacustomer.org          | Carmen.owens          | Sakilacustomer.org |
| ROSA.REYNOLDS@sakilacustomer.org         | Rosa.reynolds         | Sakilacustomer.org |
| CINDY.FISHER@sakilacustomer.org          | Cindy.fisher          | Sakilacustomer.org |
| GRACE.ELLIS@sakilacustomer.org           | Grace.ellis           | Sakilacustomer.org |
| WENDY.HARRISON@sakilacustomer.org        | Wendy.harrison        | Sakilacustomer.org |
| VICTORIA.GIBSON@sakilacustomer.org       | Victoria.gibson       | Sakilacustomer.org |
| EDITH.MCDONALD@sakilacustomer.org        | Edith.mcdonald        | Sakilacustomer.org |
| KIM.CRUZ@sakilacustomer.org              | Kim.cruz              | Sakilacustomer.org |
| SHERRY.MARSHALL@sakilacustomer.org       | Sherry.marshall       | Sakilacustomer.org |
| SYLVIA.ORTIZ@sakilacustomer.org          | Sylvia.ortiz          | Sakilacustomer.org |
| JOSEPHINE.GOMEZ@sakilacustomer.org       | Josephine.gomez       | Sakilacustomer.org |
| THELMA.MURRAY@sakilacustomer.org         | Thelma.murray         | Sakilacustomer.org |
| SHANNON.FREEMAN@sakilacustomer.org       | Shannon.freeman       | Sakilacustomer.org |
| SHEILA.WELLS@sakilacustomer.org          | Sheila.wells          | Sakilacustomer.org |
| ETHEL.WEBB@sakilacustomer.org            | Ethel.webb            | Sakilacustomer.org |
| ELLEN.SIMPSON@sakilacustomer.org         | Ellen.simpson         | Sakilacustomer.org |
| ELAINE.STEVENS@sakilacustomer.org        | Elaine.stevens        | Sakilacustomer.org |
| MARJORIE.TUCKER@sakilacustomer.org       | Marjorie.tucker       | Sakilacustomer.org |
| CARRIE.PORTER@sakilacustomer.org         | Carrie.porter         | Sakilacustomer.org |
| CHARLOTTE.HUNTER@sakilacustomer.org      | Charlotte.hunter      | Sakilacustomer.org |
| MONICA.HICKS@sakilacustomer.org          | Monica.hicks          | Sakilacustomer.org |
| ESTHER.CRAWFORD@sakilacustomer.org       | Esther.crawford       | Sakilacustomer.org |
| PAULINE.HENRY@sakilacustomer.org         | Pauline.henry         | Sakilacustomer.org |
| EMMA.BOYD@sakilacustomer.org             | Emma.boyd             | Sakilacustomer.org |
| JUANITA.MASON@sakilacustomer.org         | Juanita.mason         | Sakilacustomer.org |
| ANITA.MORALES@sakilacustomer.org         | Anita.morales         | Sakilacustomer.org |
| RHONDA.KENNEDY@sakilacustomer.org        | Rhonda.kennedy        | Sakilacustomer.org |
| HAZEL.WARREN@sakilacustomer.org          | Hazel.warren          | Sakilacustomer.org |
| AMBER.DIXON@sakilacustomer.org           | Amber.dixon           | Sakilacustomer.org |
| EVA.RAMOS@sakilacustomer.org             | Eva.ramos             | Sakilacustomer.org |
| DEBBIE.REYES@sakilacustomer.org          | Debbie.reyes          | Sakilacustomer.org |
| APRIL.BURNS@sakilacustomer.org           | April.burns           | Sakilacustomer.org |
| LESLIE.GORDON@sakilacustomer.org         | Leslie.gordon         | Sakilacustomer.org |
| CLARA.SHAW@sakilacustomer.org            | Clara.shaw            | Sakilacustomer.org |
| LUCILLE.HOLMES@sakilacustomer.org        | Lucille.holmes        | Sakilacustomer.org |
| JAMIE.RICE@sakilacustomer.org            | Jamie.rice            | Sakilacustomer.org |
| JOANNE.ROBERTSON@sakilacustomer.org      | Joanne.robertson      | Sakilacustomer.org |
| ELEANOR.HUNT@sakilacustomer.org          | Eleanor.hunt          | Sakilacustomer.org |
| VALERIE.BLACK@sakilacustomer.org         | Valerie.black         | Sakilacustomer.org |
| DANIELLE.DANIELS@sakilacustomer.org      | Danielle.daniels      | Sakilacustomer.org |
| MEGAN.PALMER@sakilacustomer.org          | Megan.palmer          | Sakilacustomer.org |
| ALICIA.MILLS@sakilacustomer.org          | Alicia.mills          | Sakilacustomer.org |
| SUZANNE.NICHOLS@sakilacustomer.org       | Suzanne.nichols       | Sakilacustomer.org |
| MICHELE.GRANT@sakilacustomer.org         | Michele.grant         | Sakilacustomer.org |
| GAIL.KNIGHT@sakilacustomer.org           | Gail.knight           | Sakilacustomer.org |
| BERTHA.FERGUSON@sakilacustomer.org       | Bertha.ferguson       | Sakilacustomer.org |
| DARLENE.ROSE@sakilacustomer.org          | Darlene.rose          | Sakilacustomer.org |
| VERONICA.STONE@sakilacustomer.org        | Veronica.stone        | Sakilacustomer.org |
| JILL.HAWKINS@sakilacustomer.org          | Jill.hawkins          | Sakilacustomer.org |
| ERIN.DUNN@sakilacustomer.org             | Erin.dunn             | Sakilacustomer.org |
| GERALDINE.PERKINS@sakilacustomer.org     | Geraldine.perkins     | Sakilacustomer.org |
| LAUREN.HUDSON@sakilacustomer.org         | Lauren.hudson         | Sakilacustomer.org |
| CATHY.SPENCER@sakilacustomer.org         | Cathy.spencer         | Sakilacustomer.org |
| JOANN.GARDNER@sakilacustomer.org         | Joann.gardner         | Sakilacustomer.org |
| LORRAINE.STEPHENS@sakilacustomer.org     | Lorraine.stephens     | Sakilacustomer.org |
| LYNN.PAYNE@sakilacustomer.org            | Lynn.payne            | Sakilacustomer.org |
| SALLY.PIERCE@sakilacustomer.org          | Sally.pierce          | Sakilacustomer.org |
| REGINA.BERRY@sakilacustomer.org          | Regina.berry          | Sakilacustomer.org |
| ERICA.MATTHEWS@sakilacustomer.org        | Erica.matthews        | Sakilacustomer.org |
| BEATRICE.ARNOLD@sakilacustomer.org       | Beatrice.arnold       | Sakilacustomer.org |
| DOLORES.WAGNER@sakilacustomer.org        | Dolores.wagner        | Sakilacustomer.org |
| BERNICE.WILLIS@sakilacustomer.org        | Bernice.willis        | Sakilacustomer.org |
| AUDREY.RAY@sakilacustomer.org            | Audrey.ray            | Sakilacustomer.org |
| YVONNE.WATKINS@sakilacustomer.org        | Yvonne.watkins        | Sakilacustomer.org |
| ANNETTE.OLSON@sakilacustomer.org         | Annette.olson         | Sakilacustomer.org |
| JUNE.CARROLL@sakilacustomer.org          | June.carroll          | Sakilacustomer.org |
| SAMANTHA.DUNCAN@sakilacustomer.org       | Samantha.duncan       | Sakilacustomer.org |
| MARION.SNYDER@sakilacustomer.org         | Marion.snyder         | Sakilacustomer.org |
| DANA.HART@sakilacustomer.org             | Dana.hart             | Sakilacustomer.org |
| STACY.CUNNINGHAM@sakilacustomer.org      | Stacy.cunningham      | Sakilacustomer.org |
| ANA.BRADLEY@sakilacustomer.org           | Ana.bradley           | Sakilacustomer.org |
| RENEE.LANE@sakilacustomer.org            | Renee.lane            | Sakilacustomer.org |
| IDA.ANDREWS@sakilacustomer.org           | Ida.andrews           | Sakilacustomer.org |
| VIVIAN.RUIZ@sakilacustomer.org           | Vivian.ruiz           | Sakilacustomer.org |
| ROBERTA.HARPER@sakilacustomer.org        | Roberta.harper        | Sakilacustomer.org |
| HOLLY.FOX@sakilacustomer.org             | Holly.fox             | Sakilacustomer.org |
| BRITTANY.RILEY@sakilacustomer.org        | Brittany.riley        | Sakilacustomer.org |
| MELANIE.ARMSTRONG@sakilacustomer.org     | Melanie.armstrong     | Sakilacustomer.org |
| LORETTA.CARPENTER@sakilacustomer.org     | Loretta.carpenter     | Sakilacustomer.org |
| YOLANDA.WEAVER@sakilacustomer.org        | Yolanda.weaver        | Sakilacustomer.org |
| JEANETTE.GREENE@sakilacustomer.org       | Jeanette.greene       | Sakilacustomer.org |
| LAURIE.LAWRENCE@sakilacustomer.org       | Laurie.lawrence       | Sakilacustomer.org |
| KATIE.ELLIOTT@sakilacustomer.org         | Katie.elliott         | Sakilacustomer.org |
| KRISTEN.CHAVEZ@sakilacustomer.org        | Kristen.chavez        | Sakilacustomer.org |
| VANESSA.SIMS@sakilacustomer.org          | Vanessa.sims          | Sakilacustomer.org |
| ALMA.AUSTIN@sakilacustomer.org           | Alma.austin           | Sakilacustomer.org |
| SUE.PETERS@sakilacustomer.org            | Sue.peters            | Sakilacustomer.org |
| ELSIE.KELLEY@sakilacustomer.org          | Elsie.kelley          | Sakilacustomer.org |
| BETH.FRANKLIN@sakilacustomer.org         | Beth.franklin         | Sakilacustomer.org |
| JEANNE.LAWSON@sakilacustomer.org         | Jeanne.lawson         | Sakilacustomer.org |
| VICKI.FIELDS@sakilacustomer.org          | Vicki.fields          | Sakilacustomer.org |
| CARLA.GUTIERREZ@sakilacustomer.org       | Carla.gutierrez       | Sakilacustomer.org |
| TARA.RYAN@sakilacustomer.org             | Tara.ryan             | Sakilacustomer.org |
| ROSEMARY.SCHMIDT@sakilacustomer.org      | Rosemary.schmidt      | Sakilacustomer.org |
| EILEEN.CARR@sakilacustomer.org           | Eileen.carr           | Sakilacustomer.org |
| TERRI.VASQUEZ@sakilacustomer.org         | Terri.vasquez         | Sakilacustomer.org |
| GERTRUDE.CASTILLO@sakilacustomer.org     | Gertrude.castillo     | Sakilacustomer.org |
| LUCY.WHEELER@sakilacustomer.org          | Lucy.wheeler          | Sakilacustomer.org |
| TONYA.CHAPMAN@sakilacustomer.org         | Tonya.chapman         | Sakilacustomer.org |
| ELLA.OLIVER@sakilacustomer.org           | Ella.oliver           | Sakilacustomer.org |
| STACEY.MONTGOMERY@sakilacustomer.org     | Stacey.montgomery     | Sakilacustomer.org |
| WILMA.RICHARDS@sakilacustomer.org        | Wilma.richards        | Sakilacustomer.org |
| GINA.WILLIAMSON@sakilacustomer.org       | Gina.williamson       | Sakilacustomer.org |
| KRISTIN.JOHNSTON@sakilacustomer.org      | Kristin.johnston      | Sakilacustomer.org |
| JESSIE.BANKS@sakilacustomer.org          | Jessie.banks          | Sakilacustomer.org |
| NATALIE.MEYER@sakilacustomer.org         | Natalie.meyer         | Sakilacustomer.org |
| AGNES.BISHOP@sakilacustomer.org          | Agnes.bishop          | Sakilacustomer.org |
| VERA.MCCOY@sakilacustomer.org            | Vera.mccoy            | Sakilacustomer.org |
| WILLIE.HOWELL@sakilacustomer.org         | Willie.howell         | Sakilacustomer.org |
| CHARLENE.ALVAREZ@sakilacustomer.org      | Charlene.alvarez      | Sakilacustomer.org |
| BESSIE.MORRISON@sakilacustomer.org       | Bessie.morrison       | Sakilacustomer.org |
| DELORES.HANSEN@sakilacustomer.org        | Delores.hansen        | Sakilacustomer.org |
| MELINDA.FERNANDEZ@sakilacustomer.org     | Melinda.fernandez     | Sakilacustomer.org |
| PEARL.GARZA@sakilacustomer.org           | Pearl.garza           | Sakilacustomer.org |
| ARLENE.HARVEY@sakilacustomer.org         | Arlene.harvey         | Sakilacustomer.org |
| MAUREEN.LITTLE@sakilacustomer.org        | Maureen.little        | Sakilacustomer.org |
| COLLEEN.BURTON@sakilacustomer.org        | Colleen.burton        | Sakilacustomer.org |
| ALLISON.STANLEY@sakilacustomer.org       | Allison.stanley       | Sakilacustomer.org |
| TAMARA.NGUYEN@sakilacustomer.org         | Tamara.nguyen         | Sakilacustomer.org |
| JOY.GEORGE@sakilacustomer.org            | Joy.george            | Sakilacustomer.org |
| GEORGIA.JACOBS@sakilacustomer.org        | Georgia.jacobs        | Sakilacustomer.org |
| CONSTANCE.REID@sakilacustomer.org        | Constance.reid        | Sakilacustomer.org |
| LILLIE.KIM@sakilacustomer.org            | Lillie.kim            | Sakilacustomer.org |
| CLAUDIA.FULLER@sakilacustomer.org        | Claudia.fuller        | Sakilacustomer.org |
| JACKIE.LYNCH@sakilacustomer.org          | Jackie.lynch          | Sakilacustomer.org |
| MARCIA.DEAN@sakilacustomer.org           | Marcia.dean           | Sakilacustomer.org |
| TANYA.GILBERT@sakilacustomer.org         | Tanya.gilbert         | Sakilacustomer.org |
| NELLIE.GARRETT@sakilacustomer.org        | Nellie.garrett        | Sakilacustomer.org |
| MINNIE.ROMERO@sakilacustomer.org         | Minnie.romero         | Sakilacustomer.org |
| MARLENE.WELCH@sakilacustomer.org         | Marlene.welch         | Sakilacustomer.org |
| HEIDI.LARSON@sakilacustomer.org          | Heidi.larson          | Sakilacustomer.org |
| GLENDA.FRAZIER@sakilacustomer.org        | Glenda.frazier        | Sakilacustomer.org |
| LYDIA.BURKE@sakilacustomer.org           | Lydia.burke           | Sakilacustomer.org |
| VIOLA.HANSON@sakilacustomer.org          | Viola.hanson          | Sakilacustomer.org |
| COURTNEY.DAY@sakilacustomer.org          | Courtney.day          | Sakilacustomer.org |
| MARIAN.MENDOZA@sakilacustomer.org        | Marian.mendoza        | Sakilacustomer.org |
| STELLA.MORENO@sakilacustomer.org         | Stella.moreno         | Sakilacustomer.org |
| CAROLINE.BOWMAN@sakilacustomer.org       | Caroline.bowman       | Sakilacustomer.org |
| DORA.MEDINA@sakilacustomer.org           | Dora.medina           | Sakilacustomer.org |
| JO.FOWLER@sakilacustomer.org             | Jo.fowler             | Sakilacustomer.org |
| VICKIE.BREWER@sakilacustomer.org         | Vickie.brewer         | Sakilacustomer.org |
| MATTIE.HOFFMAN@sakilacustomer.org        | Mattie.hoffman        | Sakilacustomer.org |
| TERRY.CARLSON@sakilacustomer.org         | Terry.carlson         | Sakilacustomer.org |
| MAXINE.SILVA@sakilacustomer.org          | Maxine.silva          | Sakilacustomer.org |
| IRMA.PEARSON@sakilacustomer.org          | Irma.pearson          | Sakilacustomer.org |
| MABEL.HOLLAND@sakilacustomer.org         | Mabel.holland         | Sakilacustomer.org |
| MARSHA.DOUGLAS@sakilacustomer.org        | Marsha.douglas        | Sakilacustomer.org |
| MYRTLE.FLEMING@sakilacustomer.org        | Myrtle.fleming        | Sakilacustomer.org |
| LENA.JENSEN@sakilacustomer.org           | Lena.jensen           | Sakilacustomer.org |
| CHRISTY.VARGAS@sakilacustomer.org        | Christy.vargas        | Sakilacustomer.org |
| DEANNA.BYRD@sakilacustomer.org           | Deanna.byrd           | Sakilacustomer.org |
| PATSY.DAVIDSON@sakilacustomer.org        | Patsy.davidson        | Sakilacustomer.org |
| HILDA.HOPKINS@sakilacustomer.org         | Hilda.hopkins         | Sakilacustomer.org |
| GWENDOLYN.MAY@sakilacustomer.org         | Gwendolyn.may         | Sakilacustomer.org |
| JENNIE.TERRY@sakilacustomer.org          | Jennie.terry          | Sakilacustomer.org |
| NORA.HERRERA@sakilacustomer.org          | Nora.herrera          | Sakilacustomer.org |
| MARGIE.WADE@sakilacustomer.org           | Margie.wade           | Sakilacustomer.org |
| NINA.SOTO@sakilacustomer.org             | Nina.soto             | Sakilacustomer.org |
| CASSANDRA.WALTERS@sakilacustomer.org     | Cassandra.walters     | Sakilacustomer.org |
| LEAH.CURTIS@sakilacustomer.org           | Leah.curtis           | Sakilacustomer.org |
| PENNY.NEAL@sakilacustomer.org            | Penny.neal            | Sakilacustomer.org |
| KAY.CALDWELL@sakilacustomer.org          | Kay.caldwell          | Sakilacustomer.org |
| PRISCILLA.LOWE@sakilacustomer.org        | Priscilla.lowe        | Sakilacustomer.org |
| NAOMI.JENNINGS@sakilacustomer.org        | Naomi.jennings        | Sakilacustomer.org |
| CAROLE.BARNETT@sakilacustomer.org        | Carole.barnett        | Sakilacustomer.org |
| BRANDY.GRAVES@sakilacustomer.org         | Brandy.graves         | Sakilacustomer.org |
| OLGA.JIMENEZ@sakilacustomer.org          | Olga.jimenez          | Sakilacustomer.org |
| BILLIE.HORTON@sakilacustomer.org         | Billie.horton         | Sakilacustomer.org |
| DIANNE.SHELTON@sakilacustomer.org        | Dianne.shelton        | Sakilacustomer.org |
| TRACEY.BARRETT@sakilacustomer.org        | Tracey.barrett        | Sakilacustomer.org |
| LEONA.OBRIEN@sakilacustomer.org          | Leona.obrien          | Sakilacustomer.org |
| JENNY.CASTRO@sakilacustomer.org          | Jenny.castro          | Sakilacustomer.org |
| FELICIA.SUTTON@sakilacustomer.org        | Felicia.sutton        | Sakilacustomer.org |
| SONIA.GREGORY@sakilacustomer.org         | Sonia.gregory         | Sakilacustomer.org |
| MIRIAM.MCKINNEY@sakilacustomer.org       | Miriam.mckinney       | Sakilacustomer.org |
| VELMA.LUCAS@sakilacustomer.org           | Velma.lucas           | Sakilacustomer.org |
| BECKY.MILES@sakilacustomer.org           | Becky.miles           | Sakilacustomer.org |
| BOBBIE.CRAIG@sakilacustomer.org          | Bobbie.craig          | Sakilacustomer.org |
| VIOLET.RODRIQUEZ@sakilacustomer.org      | Violet.rodriquez      | Sakilacustomer.org |
| KRISTINA.CHAMBERS@sakilacustomer.org     | Kristina.chambers     | Sakilacustomer.org |
| TONI.HOLT@sakilacustomer.org             | Toni.holt             | Sakilacustomer.org |
| MISTY.LAMBERT@sakilacustomer.org         | Misty.lambert         | Sakilacustomer.org |
| MAE.FLETCHER@sakilacustomer.org          | Mae.fletcher          | Sakilacustomer.org |
| SHELLY.WATTS@sakilacustomer.org          | Shelly.watts          | Sakilacustomer.org |
| DAISY.BATES@sakilacustomer.org           | Daisy.bates           | Sakilacustomer.org |
| RAMONA.HALE@sakilacustomer.org           | Ramona.hale           | Sakilacustomer.org |
| SHERRI.RHODES@sakilacustomer.org         | Sherri.rhodes         | Sakilacustomer.org |
| ERIKA.PENA@sakilacustomer.org            | Erika.pena            | Sakilacustomer.org |
| JAMES.GANNON@sakilacustomer.org          | James.gannon          | Sakilacustomer.org |
| JOHN.FARNSWORTH@sakilacustomer.org       | John.farnsworth       | Sakilacustomer.org |
| ROBERT.BAUGHMAN@sakilacustomer.org       | Robert.baughman       | Sakilacustomer.org |
| MICHAEL.SILVERMAN@sakilacustomer.org     | Michael.silverman     | Sakilacustomer.org |
| WILLIAM.SATTERFIELD@sakilacustomer.org   | William.satterfield   | Sakilacustomer.org |
| DAVID.ROYAL@sakilacustomer.org           | David.royal           | Sakilacustomer.org |
| RICHARD.MCCRARY@sakilacustomer.org       | Richard.mccrary       | Sakilacustomer.org |
| CHARLES.KOWALSKI@sakilacustomer.org      | Charles.kowalski      | Sakilacustomer.org |
| JOSEPH.JOY@sakilacustomer.org            | Joseph.joy            | Sakilacustomer.org |
| THOMAS.GRIGSBY@sakilacustomer.org        | Thomas.grigsby        | Sakilacustomer.org |
| CHRISTOPHER.GRECO@sakilacustomer.org     | Christopher.greco     | Sakilacustomer.org |
| DANIEL.CABRAL@sakilacustomer.org         | Daniel.cabral         | Sakilacustomer.org |
| PAUL.TROUT@sakilacustomer.org            | Paul.trout            | Sakilacustomer.org |
| MARK.RINEHART@sakilacustomer.org         | Mark.rinehart         | Sakilacustomer.org |
| DONALD.MAHON@sakilacustomer.org          | Donald.mahon          | Sakilacustomer.org |
| GEORGE.LINTON@sakilacustomer.org         | George.linton         | Sakilacustomer.org |
| KENNETH.GOODEN@sakilacustomer.org        | Kenneth.gooden        | Sakilacustomer.org |
| STEVEN.CURLEY@sakilacustomer.org         | Steven.curley         | Sakilacustomer.org |
| EDWARD.BAUGH@sakilacustomer.org          | Edward.baugh          | Sakilacustomer.org |
| BRIAN.WYMAN@sakilacustomer.org           | Brian.wyman           | Sakilacustomer.org |
| RONALD.WEINER@sakilacustomer.org         | Ronald.weiner         | Sakilacustomer.org |
| ANTHONY.SCHWAB@sakilacustomer.org        | Anthony.schwab        | Sakilacustomer.org |
| KEVIN.SCHULER@sakilacustomer.org         | Kevin.schuler         | Sakilacustomer.org |
| JASON.MORRISSEY@sakilacustomer.org       | Jason.morrissey       | Sakilacustomer.org |
| MATTHEW.MAHAN@sakilacustomer.org         | Matthew.mahan         | Sakilacustomer.org |
| GARY.COY@sakilacustomer.org              | Gary.coy              | Sakilacustomer.org |
| TIMOTHY.BUNN@sakilacustomer.org          | Timothy.bunn          | Sakilacustomer.org |
| JOSE.ANDREW@sakilacustomer.org           | Jose.andrew           | Sakilacustomer.org |
| LARRY.THRASHER@sakilacustomer.org        | Larry.thrasher        | Sakilacustomer.org |
| JEFFREY.SPEAR@sakilacustomer.org         | Jeffrey.spear         | Sakilacustomer.org |
| FRANK.WAGGONER@sakilacustomer.org        | Frank.waggoner        | Sakilacustomer.org |
| SCOTT.SHELLEY@sakilacustomer.org         | Scott.shelley         | Sakilacustomer.org |
| ERIC.ROBERT@sakilacustomer.org           | Eric.robert           | Sakilacustomer.org |
| STEPHEN.QUALLS@sakilacustomer.org        | Stephen.qualls        | Sakilacustomer.org |
| ANDREW.PURDY@sakilacustomer.org          | Andrew.purdy          | Sakilacustomer.org |
| RAYMOND.MCWHORTER@sakilacustomer.org     | Raymond.mcwhorter     | Sakilacustomer.org |
| GREGORY.MAULDIN@sakilacustomer.org       | Gregory.mauldin       | Sakilacustomer.org |
| JOSHUA.MARK@sakilacustomer.org           | Joshua.mark           | Sakilacustomer.org |
| JERRY.JORDON@sakilacustomer.org          | Jerry.jordon          | Sakilacustomer.org |
| DENNIS.GILMAN@sakilacustomer.org         | Dennis.gilman         | Sakilacustomer.org |
| WALTER.PERRYMAN@sakilacustomer.org       | Walter.perryman       | Sakilacustomer.org |
| PATRICK.NEWSOM@sakilacustomer.org        | Patrick.newsom        | Sakilacustomer.org |
| PETER.MENARD@sakilacustomer.org          | Peter.menard          | Sakilacustomer.org |
| HAROLD.MARTINO@sakilacustomer.org        | Harold.martino        | Sakilacustomer.org |
| DOUGLAS.GRAF@sakilacustomer.org          | Douglas.graf          | Sakilacustomer.org |
| HENRY.BILLINGSLEY@sakilacustomer.org     | Henry.billingsley     | Sakilacustomer.org |
| CARL.ARTIS@sakilacustomer.org            | Carl.artis            | Sakilacustomer.org |
| ARTHUR.SIMPKINS@sakilacustomer.org       | Arthur.simpkins       | Sakilacustomer.org |
| RYAN.SALISBURY@sakilacustomer.org        | Ryan.salisbury        | Sakilacustomer.org |
| ROGER.QUINTANILLA@sakilacustomer.org     | Roger.quintanilla     | Sakilacustomer.org |
| JOE.GILLILAND@sakilacustomer.org         | Joe.gilliland         | Sakilacustomer.org |
| JUAN.FRALEY@sakilacustomer.org           | Juan.fraley           | Sakilacustomer.org |
| JACK.FOUST@sakilacustomer.org            | Jack.foust            | Sakilacustomer.org |
| ALBERT.CROUSE@sakilacustomer.org         | Albert.crouse         | Sakilacustomer.org |
| JONATHAN.SCARBOROUGH@sakilacustomer.org  | Jonathan.scarborough  | Sakilacustomer.org |
| JUSTIN.NGO@sakilacustomer.org            | Justin.ngo            | Sakilacustomer.org |
| TERRY.GRISSOM@sakilacustomer.org         | Terry.grissom         | Sakilacustomer.org |
| GERALD.FULTZ@sakilacustomer.org          | Gerald.fultz          | Sakilacustomer.org |
| KEITH.RICO@sakilacustomer.org            | Keith.rico            | Sakilacustomer.org |
| SAMUEL.MARLOW@sakilacustomer.org         | Samuel.marlow         | Sakilacustomer.org |
| WILLIE.MARKHAM@sakilacustomer.org        | Willie.markham        | Sakilacustomer.org |
| RALPH.MADRIGAL@sakilacustomer.org        | Ralph.madrigal        | Sakilacustomer.org |
| LAWRENCE.LAWTON@sakilacustomer.org       | Lawrence.lawton       | Sakilacustomer.org |
| NICHOLAS.BARFIELD@sakilacustomer.org     | Nicholas.barfield     | Sakilacustomer.org |
| ROY.WHITING@sakilacustomer.org           | Roy.whiting           | Sakilacustomer.org |
| BENJAMIN.VARNEY@sakilacustomer.org       | Benjamin.varney       | Sakilacustomer.org |
| BRUCE.SCHWARZ@sakilacustomer.org         | Bruce.schwarz         | Sakilacustomer.org |
| BRANDON.HUEY@sakilacustomer.org          | Brandon.huey          | Sakilacustomer.org |
| ADAM.GOOCH@sakilacustomer.org            | Adam.gooch            | Sakilacustomer.org |
| HARRY.ARCE@sakilacustomer.org            | Harry.arce            | Sakilacustomer.org |
| FRED.WHEAT@sakilacustomer.org            | Fred.wheat            | Sakilacustomer.org |
| WAYNE.TRUONG@sakilacustomer.org          | Wayne.truong          | Sakilacustomer.org |
| BILLY.POULIN@sakilacustomer.org          | Billy.poulin          | Sakilacustomer.org |
| STEVE.MACKENZIE@sakilacustomer.org       | Steve.mackenzie       | Sakilacustomer.org |
| LOUIS.LEONE@sakilacustomer.org           | Louis.leone           | Sakilacustomer.org |
| JEREMY.HURTADO@sakilacustomer.org        | Jeremy.hurtado        | Sakilacustomer.org |
| AARON.SELBY@sakilacustomer.org           | Aaron.selby           | Sakilacustomer.org |
| RANDY.GAITHER@sakilacustomer.org         | Randy.gaither         | Sakilacustomer.org |
| HOWARD.FORTNER@sakilacustomer.org        | Howard.fortner        | Sakilacustomer.org |
| EUGENE.CULPEPPER@sakilacustomer.org      | Eugene.culpepper      | Sakilacustomer.org |
| CARLOS.COUGHLIN@sakilacustomer.org       | Carlos.coughlin       | Sakilacustomer.org |
| RUSSELL.BRINSON@sakilacustomer.org       | Russell.brinson       | Sakilacustomer.org |
| BOBBY.BOUDREAU@sakilacustomer.org        | Bobby.boudreau        | Sakilacustomer.org |
| VICTOR.BARKLEY@sakilacustomer.org        | Victor.barkley        | Sakilacustomer.org |
| MARTIN.BALES@sakilacustomer.org          | Martin.bales          | Sakilacustomer.org |
| ERNEST.STEPP@sakilacustomer.org          | Ernest.stepp          | Sakilacustomer.org |
| PHILLIP.HOLM@sakilacustomer.org          | Phillip.holm          | Sakilacustomer.org |
| TODD.TAN@sakilacustomer.org              | Todd.tan              | Sakilacustomer.org |
| JESSE.SCHILLING@sakilacustomer.org       | Jesse.schilling       | Sakilacustomer.org |
| CRAIG.MORRELL@sakilacustomer.org         | Craig.morrell         | Sakilacustomer.org |
| ALAN.KAHN@sakilacustomer.org             | Alan.kahn             | Sakilacustomer.org |
| SHAWN.HEATON@sakilacustomer.org          | Shawn.heaton          | Sakilacustomer.org |
| CLARENCE.GAMEZ@sakilacustomer.org        | Clarence.gamez        | Sakilacustomer.org |
| SEAN.DOUGLASS@sakilacustomer.org         | Sean.douglass         | Sakilacustomer.org |
| PHILIP.CAUSEY@sakilacustomer.org         | Philip.causey         | Sakilacustomer.org |
| CHRIS.BROTHERS@sakilacustomer.org        | Chris.brothers        | Sakilacustomer.org |
| JOHNNY.TURPIN@sakilacustomer.org         | Johnny.turpin         | Sakilacustomer.org |
| EARL.SHANKS@sakilacustomer.org           | Earl.shanks           | Sakilacustomer.org |
| JIMMY.SCHRADER@sakilacustomer.org        | Jimmy.schrader        | Sakilacustomer.org |
| ANTONIO.MEEK@sakilacustomer.org          | Antonio.meek          | Sakilacustomer.org |
| DANNY.ISOM@sakilacustomer.org            | Danny.isom            | Sakilacustomer.org |
| BRYAN.HARDISON@sakilacustomer.org        | Bryan.hardison        | Sakilacustomer.org |
| TONY.CARRANZA@sakilacustomer.org         | Tony.carranza         | Sakilacustomer.org |
| LUIS.YANEZ@sakilacustomer.org            | Luis.yanez            | Sakilacustomer.org |
| MIKE.WAY@sakilacustomer.org              | Mike.way              | Sakilacustomer.org |
| STANLEY.SCROGGINS@sakilacustomer.org     | Stanley.scroggins     | Sakilacustomer.org |
| LEONARD.SCHOFIELD@sakilacustomer.org     | Leonard.schofield     | Sakilacustomer.org |
| NATHAN.RUNYON@sakilacustomer.org         | Nathan.runyon         | Sakilacustomer.org |
| DALE.RATCLIFF@sakilacustomer.org         | Dale.ratcliff         | Sakilacustomer.org |
| MANUEL.MURRELL@sakilacustomer.org        | Manuel.murrell        | Sakilacustomer.org |
| RODNEY.MOELLER@sakilacustomer.org        | Rodney.moeller        | Sakilacustomer.org |
| CURTIS.IRBY@sakilacustomer.org           | Curtis.irby           | Sakilacustomer.org |
| NORMAN.CURRIER@sakilacustomer.org        | Norman.currier        | Sakilacustomer.org |
| ALLEN.BUTTERFIELD@sakilacustomer.org     | Allen.butterfield     | Sakilacustomer.org |
| MARVIN.YEE@sakilacustomer.org            | Marvin.yee            | Sakilacustomer.org |
| VINCENT.RALSTON@sakilacustomer.org       | Vincent.ralston       | Sakilacustomer.org |
| GLENN.PULLEN@sakilacustomer.org          | Glenn.pullen          | Sakilacustomer.org |
| JEFFERY.PINSON@sakilacustomer.org        | Jeffery.pinson        | Sakilacustomer.org |
| TRAVIS.ESTEP@sakilacustomer.org          | Travis.estep          | Sakilacustomer.org |
| JEFF.EAST@sakilacustomer.org             | Jeff.east             | Sakilacustomer.org |
| CHAD.CARBONE@sakilacustomer.org          | Chad.carbone          | Sakilacustomer.org |
| JACOB.LANCE@sakilacustomer.org           | Jacob.lance           | Sakilacustomer.org |
| LEE.HAWKS@sakilacustomer.org             | Lee.hawks             | Sakilacustomer.org |
| MELVIN.ELLINGTON@sakilacustomer.org      | Melvin.ellington      | Sakilacustomer.org |
| ALFRED.CASILLAS@sakilacustomer.org       | Alfred.casillas       | Sakilacustomer.org |
| KYLE.SPURLOCK@sakilacustomer.org         | Kyle.spurlock         | Sakilacustomer.org |
| FRANCIS.SIKES@sakilacustomer.org         | Francis.sikes         | Sakilacustomer.org |
| BRADLEY.MOTLEY@sakilacustomer.org        | Bradley.motley        | Sakilacustomer.org |
| JESUS.MCCARTNEY@sakilacustomer.org       | Jesus.mccartney       | Sakilacustomer.org |
| HERBERT.KRUGER@sakilacustomer.org        | Herbert.kruger        | Sakilacustomer.org |
| FREDERICK.ISBELL@sakilacustomer.org      | Frederick.isbell      | Sakilacustomer.org |
| RAY.HOULE@sakilacustomer.org             | Ray.houle             | Sakilacustomer.org |
| JOEL.FRANCISCO@sakilacustomer.org        | Joel.francisco        | Sakilacustomer.org |
| EDWIN.BURK@sakilacustomer.org            | Edwin.burk            | Sakilacustomer.org |
| DON.BONE@sakilacustomer.org              | Don.bone              | Sakilacustomer.org |
| EDDIE.TOMLIN@sakilacustomer.org          | Eddie.tomlin          | Sakilacustomer.org |
| RICKY.SHELBY@sakilacustomer.org          | Ricky.shelby          | Sakilacustomer.org |
| TROY.QUIGLEY@sakilacustomer.org          | Troy.quigley          | Sakilacustomer.org |
| RANDALL.NEUMANN@sakilacustomer.org       | Randall.neumann       | Sakilacustomer.org |
| BARRY.LOVELACE@sakilacustomer.org        | Barry.lovelace        | Sakilacustomer.org |
| ALEXANDER.FENNELL@sakilacustomer.org     | Alexander.fennell     | Sakilacustomer.org |
| BERNARD.COLBY@sakilacustomer.org         | Bernard.colby         | Sakilacustomer.org |
| MARIO.CHEATHAM@sakilacustomer.org        | Mario.cheatham        | Sakilacustomer.org |
| LEROY.BUSTAMANTE@sakilacustomer.org      | Leroy.bustamante      | Sakilacustomer.org |
| FRANCISCO.SKIDMORE@sakilacustomer.org    | Francisco.skidmore    | Sakilacustomer.org |
| MARCUS.HIDALGO@sakilacustomer.org        | Marcus.hidalgo        | Sakilacustomer.org |
| MICHEAL.FORMAN@sakilacustomer.org        | Micheal.forman        | Sakilacustomer.org |
| THEODORE.CULP@sakilacustomer.org         | Theodore.culp         | Sakilacustomer.org |
| CLIFFORD.BOWENS@sakilacustomer.org       | Clifford.bowens       | Sakilacustomer.org |
| MIGUEL.BETANCOURT@sakilacustomer.org     | Miguel.betancourt     | Sakilacustomer.org |
| OSCAR.AQUINO@sakilacustomer.org          | Oscar.aquino          | Sakilacustomer.org |
| JAY.ROBB@sakilacustomer.org              | Jay.robb              | Sakilacustomer.org |
| JIM.REA@sakilacustomer.org               | Jim.rea               | Sakilacustomer.org |
| TOM.MILNER@sakilacustomer.org            | Tom.milner            | Sakilacustomer.org |
| CALVIN.MARTEL@sakilacustomer.org         | Calvin.martel         | Sakilacustomer.org |
| ALEX.GRESHAM@sakilacustomer.org          | Alex.gresham          | Sakilacustomer.org |
| JON.WILES@sakilacustomer.org             | Jon.wiles             | Sakilacustomer.org |
| RONNIE.RICKETTS@sakilacustomer.org       | Ronnie.ricketts       | Sakilacustomer.org |
| BILL.GAVIN@sakilacustomer.org            | Bill.gavin            | Sakilacustomer.org |
| LLOYD.DOWD@sakilacustomer.org            | Lloyd.dowd            | Sakilacustomer.org |
| TOMMY.COLLAZO@sakilacustomer.org         | Tommy.collazo         | Sakilacustomer.org |
| LEON.BOSTIC@sakilacustomer.org           | Leon.bostic           | Sakilacustomer.org |
| DEREK.BLAKELY@sakilacustomer.org         | Derek.blakely         | Sakilacustomer.org |
| WARREN.SHERROD@sakilacustomer.org        | Warren.sherrod        | Sakilacustomer.org |
| DARRELL.POWER@sakilacustomer.org         | Darrell.power         | Sakilacustomer.org |
| JEROME.KENYON@sakilacustomer.org         | Jerome.kenyon         | Sakilacustomer.org |
| FLOYD.GANDY@sakilacustomer.org           | Floyd.gandy           | Sakilacustomer.org |
| LEO.EBERT@sakilacustomer.org             | Leo.ebert             | Sakilacustomer.org |
| ALVIN.DELOACH@sakilacustomer.org         | Alvin.deloach         | Sakilacustomer.org |
| TIM.CARY@sakilacustomer.org              | Tim.cary              | Sakilacustomer.org |
| WESLEY.BULL@sakilacustomer.org           | Wesley.bull           | Sakilacustomer.org |
| GORDON.ALLARD@sakilacustomer.org         | Gordon.allard         | Sakilacustomer.org |
| DEAN.SAUER@sakilacustomer.org            | Dean.sauer            | Sakilacustomer.org |
| GREG.ROBINS@sakilacustomer.org           | Greg.robins           | Sakilacustomer.org |
| JORGE.OLIVARES@sakilacustomer.org        | Jorge.olivares        | Sakilacustomer.org |
| DUSTIN.GILLETTE@sakilacustomer.org       | Dustin.gillette       | Sakilacustomer.org |
| PEDRO.CHESTNUT@sakilacustomer.org        | Pedro.chestnut        | Sakilacustomer.org |
| DERRICK.BOURQUE@sakilacustomer.org       | Derrick.bourque       | Sakilacustomer.org |
| DAN.PAINE@sakilacustomer.org             | Dan.paine             | Sakilacustomer.org |
| LEWIS.LYMAN@sakilacustomer.org           | Lewis.lyman           | Sakilacustomer.org |
| ZACHARY.HITE@sakilacustomer.org          | Zachary.hite          | Sakilacustomer.org |
| COREY.HAUSER@sakilacustomer.org          | Corey.hauser          | Sakilacustomer.org |
| HERMAN.DEVORE@sakilacustomer.org         | Herman.devore         | Sakilacustomer.org |
| MAURICE.CRAWLEY@sakilacustomer.org       | Maurice.crawley       | Sakilacustomer.org |
| VERNON.CHAPA@sakilacustomer.org          | Vernon.chapa          | Sakilacustomer.org |
| ROBERTO.VU@sakilacustomer.org            | Roberto.vu            | Sakilacustomer.org |
| CLYDE.TOBIAS@sakilacustomer.org          | Clyde.tobias          | Sakilacustomer.org |
| GLEN.TALBERT@sakilacustomer.org          | Glen.talbert          | Sakilacustomer.org |
| HECTOR.POINDEXTER@sakilacustomer.org     | Hector.poindexter     | Sakilacustomer.org |
| SHANE.MILLARD@sakilacustomer.org         | Shane.millard         | Sakilacustomer.org |
| RICARDO.MEADOR@sakilacustomer.org        | Ricardo.meador        | Sakilacustomer.org |
| SAM.MCDUFFIE@sakilacustomer.org          | Sam.mcduffie          | Sakilacustomer.org |
| RICK.MATTOX@sakilacustomer.org           | Rick.mattox           | Sakilacustomer.org |
| LESTER.KRAUS@sakilacustomer.org          | Lester.kraus          | Sakilacustomer.org |
| BRENT.HARKINS@sakilacustomer.org         | Brent.harkins         | Sakilacustomer.org |
| RAMON.CHOATE@sakilacustomer.org          | Ramon.choate          | Sakilacustomer.org |
| CHARLIE.BESS@sakilacustomer.org          | Charlie.bess          | Sakilacustomer.org |
| TYLER.WREN@sakilacustomer.org            | Tyler.wren            | Sakilacustomer.org |
| GILBERT.SLEDGE@sakilacustomer.org        | Gilbert.sledge        | Sakilacustomer.org |
| GENE.SANBORN@sakilacustomer.org          | Gene.sanborn          | Sakilacustomer.org |
| MARC.OUTLAW@sakilacustomer.org           | Marc.outlaw           | Sakilacustomer.org |
| REGINALD.KINDER@sakilacustomer.org       | Reginald.kinder       | Sakilacustomer.org |
| RUBEN.GEARY@sakilacustomer.org           | Ruben.geary           | Sakilacustomer.org |
| BRETT.CORNWELL@sakilacustomer.org        | Brett.cornwell        | Sakilacustomer.org |
| ANGEL.BARCLAY@sakilacustomer.org         | Angel.barclay         | Sakilacustomer.org |
| NATHANIEL.ADAM@sakilacustomer.org        | Nathaniel.adam        | Sakilacustomer.org |
| RAFAEL.ABNEY@sakilacustomer.org          | Rafael.abney          | Sakilacustomer.org |
| LESLIE.SEWARD@sakilacustomer.org         | Leslie.seward         | Sakilacustomer.org |
| EDGAR.RHOADS@sakilacustomer.org          | Edgar.rhoads          | Sakilacustomer.org |
| MILTON.HOWLAND@sakilacustomer.org        | Milton.howland        | Sakilacustomer.org |
| RAUL.FORTIER@sakilacustomer.org          | Raul.fortier          | Sakilacustomer.org |
| BEN.EASTER@sakilacustomer.org            | Ben.easter            | Sakilacustomer.org |
| CHESTER.BENNER@sakilacustomer.org        | Chester.benner        | Sakilacustomer.org |
| CECIL.VINES@sakilacustomer.org           | Cecil.vines           | Sakilacustomer.org |
| DUANE.TUBBS@sakilacustomer.org           | Duane.tubbs           | Sakilacustomer.org |
| FRANKLIN.TROUTMAN@sakilacustomer.org     | Franklin.troutman     | Sakilacustomer.org |
| ANDRE.RAPP@sakilacustomer.org            | Andre.rapp            | Sakilacustomer.org |
| ELMER.NOE@sakilacustomer.org             | Elmer.noe             | Sakilacustomer.org |
| BRAD.MCCURDY@sakilacustomer.org          | Brad.mccurdy          | Sakilacustomer.org |
| GABRIEL.HARDER@sakilacustomer.org        | Gabriel.harder        | Sakilacustomer.org |
| RON.DELUCA@sakilacustomer.org            | Ron.deluca            | Sakilacustomer.org |
| MITCHELL.WESTMORELAND@sakilacustomer.org | Mitchell.westmoreland | Sakilacustomer.org |
| ROLAND.SOUTH@sakilacustomer.org          | Roland.south          | Sakilacustomer.org |
| ARNOLD.HAVENS@sakilacustomer.org         | Arnold.havens         | Sakilacustomer.org |
| HARVEY.GUAJARDO@sakilacustomer.org       | Harvey.guajardo       | Sakilacustomer.org |
| JARED.ELY@sakilacustomer.org             | Jared.ely             | Sakilacustomer.org |
| ADRIAN.CLARY@sakilacustomer.org          | Adrian.clary          | Sakilacustomer.org |
| KARL.SEAL@sakilacustomer.org             | Karl.seal             | Sakilacustomer.org |
| CORY.MEEHAN@sakilacustomer.org           | Cory.meehan           | Sakilacustomer.org |
| CLAUDE.HERZOG@sakilacustomer.org         | Claude.herzog         | Sakilacustomer.org |
| ERIK.GUILLEN@sakilacustomer.org          | Erik.guillen          | Sakilacustomer.org |
| DARRYL.ASHCRAFT@sakilacustomer.org       | Darryl.ashcraft       | Sakilacustomer.org |
| JAMIE.WAUGH@sakilacustomer.org           | Jamie.waugh           | Sakilacustomer.org |
| NEIL.RENNER@sakilacustomer.org           | Neil.renner           | Sakilacustomer.org |
| JESSIE.MILAM@sakilacustomer.org          | Jessie.milam          | Sakilacustomer.org |
| CHRISTIAN.JUNG@sakilacustomer.org        | Christian.jung        | Sakilacustomer.org |
| JAVIER.ELROD@sakilacustomer.org          | Javier.elrod          | Sakilacustomer.org |
| FERNANDO.CHURCHILL@sakilacustomer.org    | Fernando.churchill    | Sakilacustomer.org |
| CLINTON.BUFORD@sakilacustomer.org        | Clinton.buford        | Sakilacustomer.org |
| TED.BREAUX@sakilacustomer.org            | Ted.breaux            | Sakilacustomer.org |
| MATHEW.BOLIN@sakilacustomer.org          | Mathew.bolin          | Sakilacustomer.org |
| TYRONE.ASHER@sakilacustomer.org          | Tyrone.asher          | Sakilacustomer.org |
| DARREN.WINDHAM@sakilacustomer.org        | Darren.windham        | Sakilacustomer.org |
| LONNIE.TIRADO@sakilacustomer.org         | Lonnie.tirado         | Sakilacustomer.org |
| LANCE.PEMBERTON@sakilacustomer.org       | Lance.pemberton       | Sakilacustomer.org |
| CODY.NOLEN@sakilacustomer.org            | Cody.nolen            | Sakilacustomer.org |
| JULIO.NOLAND@sakilacustomer.org          | Julio.noland          | Sakilacustomer.org |
| KELLY.KNOTT@sakilacustomer.org           | Kelly.knott           | Sakilacustomer.org |
| KURT.EMMONS@sakilacustomer.org           | Kurt.emmons           | Sakilacustomer.org |
| ALLAN.CORNISH@sakilacustomer.org         | Allan.cornish         | Sakilacustomer.org |
| NELSON.CHRISTENSON@sakilacustomer.org    | Nelson.christenson    | Sakilacustomer.org |
| GUY.BROWNLEE@sakilacustomer.org          | Guy.brownlee          | Sakilacustomer.org |
| CLAYTON.BARBEE@sakilacustomer.org        | Clayton.barbee        | Sakilacustomer.org |
| HUGH.WALDROP@sakilacustomer.org          | Hugh.waldrop          | Sakilacustomer.org |
| MAX.PITT@sakilacustomer.org              | Max.pitt              | Sakilacustomer.org |
| DWAYNE.OLVERA@sakilacustomer.org         | Dwayne.olvera         | Sakilacustomer.org |
| DWIGHT.LOMBARDI@sakilacustomer.org       | Dwight.lombardi       | Sakilacustomer.org |
| ARMANDO.GRUBER@sakilacustomer.org        | Armando.gruber        | Sakilacustomer.org |
| FELIX.GAFFNEY@sakilacustomer.org         | Felix.gaffney         | Sakilacustomer.org |
| JIMMIE.EGGLESTON@sakilacustomer.org      | Jimmie.eggleston      | Sakilacustomer.org |
| EVERETT.BANDA@sakilacustomer.org         | Everett.banda         | Sakilacustomer.org |
| JORDAN.ARCHULETA@sakilacustomer.org      | Jordan.archuleta      | Sakilacustomer.org |
| IAN.STILL@sakilacustomer.org             | Ian.still             | Sakilacustomer.org |
| WALLACE.SLONE@sakilacustomer.org         | Wallace.slone         | Sakilacustomer.org |
| KEN.PREWITT@sakilacustomer.org           | Ken.prewitt           | Sakilacustomer.org |
| BOB.PFEIFFER@sakilacustomer.org          | Bob.pfeiffer          | Sakilacustomer.org |
| JAIME.NETTLES@sakilacustomer.org         | Jaime.nettles         | Sakilacustomer.org |
| CASEY.MENA@sakilacustomer.org            | Casey.mena            | Sakilacustomer.org |
| ALFREDO.MCADAMS@sakilacustomer.org       | Alfredo.mcadams       | Sakilacustomer.org |
| ALBERTO.HENNING@sakilacustomer.org       | Alberto.henning       | Sakilacustomer.org |
| DAVE.GARDINER@sakilacustomer.org         | Dave.gardiner         | Sakilacustomer.org |
| IVAN.CROMWELL@sakilacustomer.org         | Ivan.cromwell         | Sakilacustomer.org |
| JOHNNIE.CHISHOLM@sakilacustomer.org      | Johnnie.chisholm      | Sakilacustomer.org |
| SIDNEY.BURLESON@sakilacustomer.org       | Sidney.burleson       | Sakilacustomer.org |
| BYRON.BOX@sakilacustomer.org             | Byron.box             | Sakilacustomer.org |
| JULIAN.VEST@sakilacustomer.org           | Julian.vest           | Sakilacustomer.org |
| ISAAC.OGLESBY@sakilacustomer.org         | Isaac.oglesby         | Sakilacustomer.org |
| MORRIS.MCCARTER@sakilacustomer.org       | Morris.mccarter       | Sakilacustomer.org |
| CLIFTON.MALCOLM@sakilacustomer.org       | Clifton.malcolm       | Sakilacustomer.org |
| WILLARD.LUMPKIN@sakilacustomer.org       | Willard.lumpkin       | Sakilacustomer.org |
| DARYL.LARUE@sakilacustomer.org           | Daryl.larue           | Sakilacustomer.org |
| ROSS.GREY@sakilacustomer.org             | Ross.grey             | Sakilacustomer.org |
| VIRGIL.WOFFORD@sakilacustomer.org        | Virgil.wofford        | Sakilacustomer.org |
| ANDY.VANHORN@sakilacustomer.org          | Andy.vanhorn          | Sakilacustomer.org |
| MARSHALL.THORN@sakilacustomer.org        | Marshall.thorn        | Sakilacustomer.org |
| SALVADOR.TEEL@sakilacustomer.org         | Salvador.teel         | Sakilacustomer.org |
| PERRY.SWAFFORD@sakilacustomer.org        | Perry.swafford        | Sakilacustomer.org |
| KIRK.STCLAIR@sakilacustomer.org          | Kirk.stclair          | Sakilacustomer.org |
| SERGIO.STANFIELD@sakilacustomer.org      | Sergio.stanfield      | Sakilacustomer.org |
| MARION.OCAMPO@sakilacustomer.org         | Marion.ocampo         | Sakilacustomer.org |
| TRACY.HERRMANN@sakilacustomer.org        | Tracy.herrmann        | Sakilacustomer.org |
| SETH.HANNON@sakilacustomer.org           | Seth.hannon           | Sakilacustomer.org |
| KENT.ARSENAULT@sakilacustomer.org        | Kent.arsenault        | Sakilacustomer.org |
| TERRANCE.ROUSH@sakilacustomer.org        | Terrance.roush        | Sakilacustomer.org |
| RENE.MCALISTER@sakilacustomer.org        | Rene.mcalister        | Sakilacustomer.org |
| EDUARDO.HIATT@sakilacustomer.org         | Eduardo.hiatt         | Sakilacustomer.org |
| TERRENCE.GUNDERSON@sakilacustomer.org    | Terrence.gunderson    | Sakilacustomer.org |
| ENRIQUE.FORSYTHE@sakilacustomer.org      | Enrique.forsythe      | Sakilacustomer.org |
| FREDDIE.DUGGAN@sakilacustomer.org        | Freddie.duggan        | Sakilacustomer.org |
| WADE.DELVALLE@sakilacustomer.org         | Wade.delvalle         | Sakilacustomer.org |
| AUSTIN.CINTRON@sakilacustomer.org        | Austin.cintron        | Sakilacustomer.org |
+------------------------------------------+-----------------------+--------------------+
599 rows in set (0.01 sec)

mysql> 
